// Jest Snapshot v1, https://goo.gl/fbAQLP

exports[`ComponentA.vue has the expected html structure 1`] = `
<div
  class="component-a"
>
  
  Value of 'msg' prop: 
  <span
    class="message"
  >
    Greeting
  </span>
</div>
`;
